Copyright 1986-2021 Xilinx, Inc. All Rights Reserved.
-------------------------------------------------------------------------------------
| Tool Version : Vivado v.2021.1 (win64) Build 3247384 Thu Jun 10 19:36:33 MDT 2021
| Date         : Thu Feb 16 14:53:22 2023
| Host         : DESKTOP-JCRIMS0 running 64-bit major release  (build 9200)
| Command      : report_control_sets -verbose -file top_lab3_control_sets_placed.rpt
| Design       : top_lab3
| Device       : xc7a35t
-------------------------------------------------------------------------------------

Control Set Information

Table of Contents
-----------------
1. Summary
2. Histogram
3. Flip-Flop Distribution
4. Detailed Control Set Information

1. Summary
----------

+----------------------------------------------------------+-------+
|                          Status                          | Count |
+----------------------------------------------------------+-------+
| Total control sets                                       |     9 |
|    Minimum number of control sets                        |     9 |
|    Addition due to synthesis replication                 |     0 |
|    Addition due to physical synthesis replication        |     0 |
| Unused register locations in slices containing registers |    23 |
+----------------------------------------------------------+-------+
* Control sets can be merged at opt_design using control_set_merge or merge_equivalent_drivers
** Run report_qor_suggestions for automated merging and remapping suggestions


2. Histogram
------------

+--------------------+-------+
|       Fanout       | Count |
+--------------------+-------+
| Total control sets |     9 |
| >= 0 to < 4        |     1 |
| >= 4 to < 6        |     2 |
| >= 6 to < 8        |     1 |
| >= 8 to < 10       |     3 |
| >= 10 to < 12      |     0 |
| >= 12 to < 14      |     0 |
| >= 14 to < 16      |     0 |
| >= 16              |     2 |
+--------------------+-------+
* Control sets can be remapped at either synth_design or opt_design


3. Flip-Flop Distribution
-------------------------

+--------------+-----------------------+------------------------+-----------------+--------------+
| Clock Enable | Synchronous Set/Reset | Asynchronous Set/Reset | Total Registers | Total Slices |
+--------------+-----------------------+------------------------+-----------------+--------------+
| No           | No                    | No                     |               6 |            3 |
| No           | No                    | Yes                    |              16 |            5 |
| No           | Yes                   | No                     |              41 |           12 |
| Yes          | No                    | No                     |              14 |            3 |
| Yes          | No                    | Yes                    |               4 |            1 |
| Yes          | Yes                   | No                     |               8 |            2 |
+--------------+-----------------------+------------------------+-----------------+--------------+


4. Detailed Control Set Information
-----------------------------------

+------------------------------------------+----------------------------------+----------------------------------+------------------+----------------+--------------+
|               Clock Signal               |           Enable Signal          |         Set/Reset Signal         | Slice Load Count | Bel Load Count | Bels / Slice |
+------------------------------------------+----------------------------------+----------------------------------+------------------+----------------+--------------+
|  clock_geni/clk_mmcm_wizi/inst/clk_10Mhz | light_sensori/JA3_i_1_n_0        |                                  |                1 |              1 |         1.00 |
|  clock_geni/clk_mmcm_wizi/inst/clk_10Mhz | seven_seg_segi/select            | clock_geni/AR[0]                 |                1 |              4 |         4.00 |
|  clock_geni/clk_mmcm_wizi/inst/clk_10Mhz | light_sensori/sclk_counter       |                                  |                1 |              5 |         5.00 |
|  clock_geni/clk_mmcm_wizi/inst/clk_10Mhz |                                  |                                  |                3 |              6 |         2.00 |
|  clock_geni/clk_mmcm_wizi/inst/clk_10Mhz | light_sensori/toofast_0          |                                  |                1 |              8 |         8.00 |
|  clock_geni/clk_mmcm_wizi/inst/clk_10Mhz | light_sensori/Reading[7]_i_2_n_0 | light_sensori/Reading[7]_i_1_n_0 |                2 |              8 |         4.00 |
|  seven_seg_segi/an_n_0                   |                                  | clock_geni/AR[0]                 |                3 |              8 |         2.67 |
|  clock_geni/clk_mmcm_wizi/inst/clk_10Mhz |                                  | clock_geni/AR[0]                 |                5 |             16 |         3.20 |
|  clock_geni/clk_mmcm_wizi/inst/clk_10Mhz |                                  | light_sensori/counter0           |                9 |             33 |         3.67 |
+------------------------------------------+----------------------------------+----------------------------------+------------------+----------------+--------------+


